// Jest Snapshot v1, https://goo.gl/fbAQLP

exports[`App component renders App 1`] = `
<DocumentFragment>
  <h1>
    Animal Crossing Characters
  </h1>
  <div>
    Character List
  </div>
</DocumentFragment>
`;
